<?xml version="1.0" encoding="UTF-8"?>
<TestRun id="507bff5a-4ccc-4f2d-adbc-a0b363c4364d" name="lanfengqi@LANFENGQI-PC 2011-10-11 16:47:01" runUser="lanfengqi-PC\lanfengqi" xmlns="http://microsoft.com/schemas/VisualStudio/TeamTest/2010">
  <TestSettings name="Local" id="62a51d66-4f45-4f59-be58-5d0791df9319">
    <Description>These are default test settings for a local test run.</Description>
    <Deployment enabled="false" runDeploymentRoot="lanfengqi_LANFENGQI-PC 2011-10-11 16_47_01">
      <DeploymentItem filename="E:\030.GitHub\020.DCI.2.0\Src\Infrastructure.Crosscutting.MainBoundedContent\bin\Debug\Infrastructure.Crosscutting.MainBoundedContent.dll" />
      <DeploymentItem filename="E:\030.GitHub\020.DCI.2.0\Src\Infrastructure.Crosscutting.SeedWork\bin\Debug\Infrastructure.Crosscutting.SeedWork.dll" />
    </Deployment>
    <Execution>
      <TestTypeSpecific />
      <AgentRule name="Execution Agents">
      </AgentRule>
    </Execution>
  </TestSettings>
  <Times creation="2011-10-11T16:47:01.3823575-07:00" queuing="2011-10-11T16:47:14.5091083-07:00" start="2011-10-11T16:47:14.9781351-07:00" finish="2011-10-11T16:47:18.1323155-07:00" />
  <ResultSummary outcome="Error">
    <Counters total="5" executed="5" passed="4" error="1" failed="0" timeout="0" aborted="0" inconclusive="0" passedButRunAborted="0" notRunnable="0" notExecuted="0" disconnected="0" warning="0" completed="0" inProgress="0" pending="0" />
  </ResultSummary>
  <TestDefinitions>
    <UnitTest name="LogWarning" storage="e:\030.github\020.dci.2.0\src\infrastructure.crosscutting\bin\debug\infrastructure.crosscutting.dll" id="9cc213e8-69ea-5781-afbe-bb95278cfc9e">
      <Execution id="1f66083c-c3d4-48d8-aa90-c759aa7018ca" />
      <TestMethod codeBase="E:/030.GitHub/020.DCI.2.0/Src/Infrastructure.Crosscutting/bin/Debug/Infrastructure.Crosscutting.DLL" adapterTypeName="Microsoft.VisualStudio.TestTools.TestTypes.Unit.UnitTestAdapter, Microsoft.VisualStudio.QualityTools.Tips.UnitTest.Adapter, Version=10.0.0.0, Culture=neutral, PublicKeyToken=b03f5f7f11d50a3a" className="Infrastructure.Crosscutting.Tests.TraceSourceLogTest, Infrastructure.Crosscutting, Version=1.0.0.0, Culture=neutral, PublicKeyToken=null" name="LogWarning" />
    </UnitTest>
    <UnitTest name="GetInstance" storage="e:\030.github\020.dci.2.0\src\infrastructure.crosscutting\bin\debug\infrastructure.crosscutting.dll" id="58ddf231-d285-e5ee-69d3-be47ad5fd631">
      <Execution id="e2c7c0a0-4f19-4f5b-b5aa-2255e9452d0c" />
      <TestMethod codeBase="E:/030.GitHub/020.DCI.2.0/Src/Infrastructure.Crosscutting/bin/Debug/Infrastructure.Crosscutting.DLL" adapterTypeName="Microsoft.VisualStudio.TestTools.TestTypes.Unit.UnitTestAdapter, Microsoft.VisualStudio.QualityTools.Tips.UnitTest.Adapter, Version=10.0.0.0, Culture=neutral, PublicKeyToken=b03f5f7f11d50a3a" className="Infrastructure.Crosscutting.Tests.InstanceLocatorTest, Infrastructure.Crosscutting, Version=1.0.0.0, Culture=neutral, PublicKeyToken=null" name="GetInstance" />
    </UnitTest>
    <UnitTest name="LogErrorWithException" storage="e:\030.github\020.dci.2.0\src\infrastructure.crosscutting\bin\debug\infrastructure.crosscutting.dll" id="d4904fe4-8ee3-1aa9-9c09-4186cfad6ec5">
      <Execution id="28b3e3a9-9447-48e2-be28-ed5bcec46c1c" />
      <TestMethod codeBase="E:/030.GitHub/020.DCI.2.0/Src/Infrastructure.Crosscutting/bin/Debug/Infrastructure.Crosscutting.DLL" adapterTypeName="Microsoft.VisualStudio.TestTools.TestTypes.Unit.UnitTestAdapter, Microsoft.VisualStudio.QualityTools.Tips.UnitTest.Adapter, Version=10.0.0.0, Culture=neutral, PublicKeyToken=b03f5f7f11d50a3a" className="Infrastructure.Crosscutting.Tests.TraceSourceLogTest, Infrastructure.Crosscutting, Version=1.0.0.0, Culture=neutral, PublicKeyToken=null" name="LogErrorWithException" />
    </UnitTest>
    <UnitTest name="LogInfo" storage="e:\030.github\020.dci.2.0\src\infrastructure.crosscutting\bin\debug\infrastructure.crosscutting.dll" id="70da7c39-cac7-1d42-a400-8bdb1be68564">
      <Execution id="271bcca8-761f-4630-b168-7adb48d7ca0e" />
      <TestMethod codeBase="E:/030.GitHub/020.DCI.2.0/Src/Infrastructure.Crosscutting/bin/Debug/Infrastructure.Crosscutting.DLL" adapterTypeName="Microsoft.VisualStudio.TestTools.TestTypes.Unit.UnitTestAdapter, Microsoft.VisualStudio.QualityTools.Tips.UnitTest.Adapter, Version=10.0.0.0, Culture=neutral, PublicKeyToken=b03f5f7f11d50a3a" className="Infrastructure.Crosscutting.Tests.TraceSourceLogTest, Infrastructure.Crosscutting, Version=1.0.0.0, Culture=neutral, PublicKeyToken=null" name="LogInfo" />
    </UnitTest>
    <UnitTest name="LogError" storage="e:\030.github\020.dci.2.0\src\infrastructure.crosscutting\bin\debug\infrastructure.crosscutting.dll" id="da18f98d-77a2-a919-cadc-396335941cc3">
      <Execution id="c4c298a0-f0d2-438e-b1b0-e9cec8dd1bf9" />
      <TestMethod codeBase="E:/030.GitHub/020.DCI.2.0/Src/Infrastructure.Crosscutting/bin/Debug/Infrastructure.Crosscutting.DLL" adapterTypeName="Microsoft.VisualStudio.TestTools.TestTypes.Unit.UnitTestAdapter, Microsoft.VisualStudio.QualityTools.Tips.UnitTest.Adapter, Version=10.0.0.0, Culture=neutral, PublicKeyToken=b03f5f7f11d50a3a" className="Infrastructure.Crosscutting.Tests.TraceSourceLogTest, Infrastructure.Crosscutting, Version=1.0.0.0, Culture=neutral, PublicKeyToken=null" name="LogError" />
    </UnitTest>
  </TestDefinitions>
  <TestLists>
    <TestList name="Results Not in a List" id="8c84fa94-04c1-424b-9868-57a2d4851a1d" />
    <TestList name="All Loaded Results" id="19431567-8539-422a-85d7-44ee4e166bda" />
  </TestLists>
  <TestEntries>
    <TestEntry testId="70da7c39-cac7-1d42-a400-8bdb1be68564" executionId="271bcca8-761f-4630-b168-7adb48d7ca0e" testListId="8c84fa94-04c1-424b-9868-57a2d4851a1d" />
    <TestEntry testId="9cc213e8-69ea-5781-afbe-bb95278cfc9e" executionId="1f66083c-c3d4-48d8-aa90-c759aa7018ca" testListId="8c84fa94-04c1-424b-9868-57a2d4851a1d" />
    <TestEntry testId="da18f98d-77a2-a919-cadc-396335941cc3" executionId="c4c298a0-f0d2-438e-b1b0-e9cec8dd1bf9" testListId="8c84fa94-04c1-424b-9868-57a2d4851a1d" />
    <TestEntry testId="d4904fe4-8ee3-1aa9-9c09-4186cfad6ec5" executionId="28b3e3a9-9447-48e2-be28-ed5bcec46c1c" testListId="8c84fa94-04c1-424b-9868-57a2d4851a1d" />
    <TestEntry testId="58ddf231-d285-e5ee-69d3-be47ad5fd631" executionId="e2c7c0a0-4f19-4f5b-b5aa-2255e9452d0c" testListId="8c84fa94-04c1-424b-9868-57a2d4851a1d" />
  </TestEntries>
  <Results>
    <UnitTestResult executionId="271bcca8-761f-4630-b168-7adb48d7ca0e" testId="70da7c39-cac7-1d42-a400-8bdb1be68564" testName="LogInfo" computerName="LANFENGQI-PC" duration="00:00:00.0254021" startTime="2011-10-11T16:47:15.4091598-07:00" endTime="2011-10-11T16:47:17.4402759-07:00" testType="13cdc9d9-ddb5-4fa4-a97d-d965ccfc6d4b" outcome="Passed" testListId="8c84fa94-04c1-424b-9868-57a2d4851a1d" relativeResultsDirectory="271bcca8-761f-4630-b168-7adb48d7ca0e">
    </UnitTestResult>
    <UnitTestResult executionId="1f66083c-c3d4-48d8-aa90-c759aa7018ca" testId="9cc213e8-69ea-5781-afbe-bb95278cfc9e" testName="LogWarning" computerName="LANFENGQI-PC" duration="00:00:00.0007008" startTime="2011-10-11T16:47:17.4842785-07:00" endTime="2011-10-11T16:47:17.5022795-07:00" testType="13cdc9d9-ddb5-4fa4-a97d-d965ccfc6d4b" outcome="Passed" testListId="8c84fa94-04c1-424b-9868-57a2d4851a1d" relativeResultsDirectory="1f66083c-c3d4-48d8-aa90-c759aa7018ca">
    </UnitTestResult>
    <UnitTestResult executionId="c4c298a0-f0d2-438e-b1b0-e9cec8dd1bf9" testId="da18f98d-77a2-a919-cadc-396335941cc3" testName="LogError" computerName="LANFENGQI-PC" duration="00:00:00.0006738" startTime="2011-10-11T16:47:17.5212806-07:00" endTime="2011-10-11T16:47:17.5372815-07:00" testType="13cdc9d9-ddb5-4fa4-a97d-d965ccfc6d4b" outcome="Passed" testListId="8c84fa94-04c1-424b-9868-57a2d4851a1d" relativeResultsDirectory="c4c298a0-f0d2-438e-b1b0-e9cec8dd1bf9">
    </UnitTestResult>
    <UnitTestResult executionId="28b3e3a9-9447-48e2-be28-ed5bcec46c1c" testId="d4904fe4-8ee3-1aa9-9c09-4186cfad6ec5" testName="LogErrorWithException" computerName="LANFENGQI-PC" duration="00:00:00.0430088" startTime="2011-10-11T16:47:17.5502822-07:00" endTime="2011-10-11T16:47:17.6262866-07:00" testType="13cdc9d9-ddb5-4fa4-a97d-d965ccfc6d4b" outcome="Passed" testListId="8c84fa94-04c1-424b-9868-57a2d4851a1d" relativeResultsDirectory="28b3e3a9-9447-48e2-be28-ed5bcec46c1c">
    </UnitTestResult>
    <UnitTestResult executionId="e2c7c0a0-4f19-4f5b-b5aa-2255e9452d0c" testId="58ddf231-d285-e5ee-69d3-be47ad5fd631" testName="GetInstance" computerName="LANFENGQI-PC" startTime="2011-10-11T16:47:17.6772895-07:00" endTime="2011-10-11T16:47:17.8813012-07:00" testType="13cdc9d9-ddb5-4fa4-a97d-d965ccfc6d4b" testListId="8c84fa94-04c1-424b-9868-57a2d4851a1d" relativeResultsDirectory="e2c7c0a0-4f19-4f5b-b5aa-2255e9452d0c">
      <Output>
        <ErrorInfo>
          <Message>Method Infrastructure.Crosscutting.Tests.InstanceLocatorTest.ClassInitialze has wrong signature.  The method should be marked static.</Message>
        </ErrorInfo>
      </Output>
    </UnitTestResult>
  </Results>
</TestRun>