<?xml version="1.0" encoding="UTF-8"?>
<TestRun id="56073175-8c53-4c50-8558-b489f5b64a92" name="lanfengqi@LANFENGQI-PC 2011-10-20 10:30:39" runUser="lanfengqi-PC\lanfengqi" xmlns="http://microsoft.com/schemas/VisualStudio/TeamTest/2010">
  <TestSettings name="Local" id="62a51d66-4f45-4f59-be58-5d0791df9319">
    <Description>These are default test settings for a local test run.</Description>
    <Deployment enabled="false" runDeploymentRoot="lanfengqi_LANFENGQI-PC 2011-10-20 10_30_39">
      <DeploymentItem filename="E:\030.GitHub\020.DCI.2.0\Src\Infrastructure.Data.Seedwork\bin\Debug\Infrastructure.Data.Seedwork.dll" />
      <DeploymentItem filename="E:\030.GitHub\020.DCI.2.0\Src\packages\Castle.Core.3.0.0.2001\lib\net40-client\Castle.Core.dll" />
      <DeploymentItem filename="E:\030.GitHub\020.DCI.2.0\Src\packages\NHibernate.3.1.0.4000\lib\Net35\NHibernate.dll" />
      <DeploymentItem filename="E:\030.GitHub\020.DCI.2.0\Src\packages\Iesi.Collections.3.2.0.4000\lib\Net35\Iesi.Collections.dll" />
      <DeploymentItem filename="E:\030.GitHub\020.DCI.2.0\Src\packages\NHibernate.Castle.3.1.0.4000\lib\Net35\NHibernate.ByteCode.Castle.dll" />
    </Deployment>
    <Execution>
      <TestTypeSpecific />
      <AgentRule name="Execution Agents">
      </AgentRule>
    </Execution>
  </TestSettings>
  <Times creation="2011-10-20T10:30:39.5886857-07:00" queuing="2011-10-20T10:30:42.1048297-07:00" start="2011-10-20T10:30:42.4968521-07:00" finish="2011-10-20T10:30:45.2320085-07:00" />
  <ResultSummary outcome="Failed">
    <Counters total="2" executed="2" passed="1" error="0" failed="1" timeout="0" aborted="0" inconclusive="0" passedButRunAborted="0" notRunnable="0" notExecuted="0" disconnected="0" warning="0" completed="0" inProgress="0" pending="0" />
  </ResultSummary>
  <TestDefinitions>
    <UnitTest name="GetEnableSnapList" storage="e:\030.github\020.dci.2.0\src\infrastructure.data.tests\bin\debug\infrastructure.data.tests.dll" id="27e46ff3-68e6-f060-cb9e-be33bb098e18">
      <Execution id="a367b651-ab13-4a90-9e7a-542592fc3169" />
      <TestMethod codeBase="E:/030.GitHub/020.DCI.2.0/Src/Infrastructure.Data.Tests/bin/Debug/Infrastructure.Data.Tests.DLL" adapterTypeName="Microsoft.VisualStudio.TestTools.TestTypes.Unit.UnitTestAdapter, Microsoft.VisualStudio.QualityTools.Tips.UnitTest.Adapter, Version=10.0.0.0, Culture=neutral, PublicKeyToken=b03f5f7f11d50a3a" className="Infrastructure.Data.Tests.DbSnapConfigsTest, Infrastructure.Data.Tests, Version=1.0.0.0, Culture=neutral, PublicKeyToken=null" name="GetEnableSnapList" />
    </UnitTest>
    <UnitTest name="Current" storage="e:\030.github\020.dci.2.0\src\infrastructure.data.tests\bin\debug\infrastructure.data.tests.dll" id="c2b98c0a-b0fc-2f55-a0b9-2941302aa164">
      <Execution id="b45768b7-c273-4f15-9a25-663d387ac005" />
      <TestMethod codeBase="E:/030.GitHub/020.DCI.2.0/Src/Infrastructure.Data.Tests/bin/Debug/Infrastructure.Data.Tests.DLL" adapterTypeName="Microsoft.VisualStudio.TestTools.TestTypes.Unit.UnitTestAdapter, Microsoft.VisualStudio.QualityTools.Tips.UnitTest.Adapter, Version=10.0.0.0, Culture=neutral, PublicKeyToken=b03f5f7f11d50a3a" className="Infrastructure.Data.Tests.DatabaseFactoryTest, Infrastructure.Data.Tests, Version=1.0.0.0, Culture=neutral, PublicKeyToken=null" name="Current" />
    </UnitTest>
  </TestDefinitions>
  <TestLists>
    <TestList name="Results Not in a List" id="8c84fa94-04c1-424b-9868-57a2d4851a1d" />
    <TestList name="All Loaded Results" id="19431567-8539-422a-85d7-44ee4e166bda" />
  </TestLists>
  <TestEntries>
    <TestEntry testId="27e46ff3-68e6-f060-cb9e-be33bb098e18" executionId="a367b651-ab13-4a90-9e7a-542592fc3169" testListId="8c84fa94-04c1-424b-9868-57a2d4851a1d" />
    <TestEntry testId="c2b98c0a-b0fc-2f55-a0b9-2941302aa164" executionId="b45768b7-c273-4f15-9a25-663d387ac005" testListId="8c84fa94-04c1-424b-9868-57a2d4851a1d" />
  </TestEntries>
  <Results>
    <UnitTestResult executionId="a367b651-ab13-4a90-9e7a-542592fc3169" testId="27e46ff3-68e6-f060-cb9e-be33bb098e18" testName="GetEnableSnapList" computerName="LANFENGQI-PC" duration="00:00:00.3704817" startTime="2011-10-20T10:30:42.8098700-07:00" endTime="2011-10-20T10:30:44.5089672-07:00" testType="13cdc9d9-ddb5-4fa4-a97d-d965ccfc6d4b" outcome="Passed" testListId="8c84fa94-04c1-424b-9868-57a2d4851a1d" relativeResultsDirectory="a367b651-ab13-4a90-9e7a-542592fc3169">
    </UnitTestResult>
    <UnitTestResult executionId="b45768b7-c273-4f15-9a25-663d387ac005" testId="c2b98c0a-b0fc-2f55-a0b9-2941302aa164" testName="Current" computerName="LANFENGQI-PC" duration="00:00:00.4719746" startTime="2011-10-20T10:30:44.5289683-07:00" endTime="2011-10-20T10:30:45.0559985-07:00" testType="13cdc9d9-ddb5-4fa4-a97d-d965ccfc6d4b" outcome="Failed" testListId="8c84fa94-04c1-424b-9868-57a2d4851a1d" relativeResultsDirectory="b45768b7-c273-4f15-9a25-663d387ac005">
      <Output>
        <ErrorInfo>
          <Message>Test method Infrastructure.Data.Tests.DatabaseFactoryTest.Current threw exception: 
System.IO.FileLoadException: Could not load file or assembly 'NHibernate, Version=3.2.0.4000, Culture=neutral, PublicKeyToken=aa95f207798dfdb4' or one of its dependencies. The located assembly's manifest definition does not match the assembly reference. (Exception from HRESULT: 0x80131040) ---&gt; System.IO.FileLoadException: Could not load file or assembly 'NHibernate, Version=3.1.0.4000, Culture=neutral, PublicKeyToken=aa95f207798dfdb4' or one of its dependencies. The located assembly's manifest definition does not match the assembly reference. (Exception from HRESULT: 0x80131040)</Message>
          <StackTrace> 
 --- End of inner exception stack trace ---
    at Infrastructure.Data.Tests.DatabaseFactoryTest.Current()
</StackTrace>
        </ErrorInfo>
      </Output>
    </UnitTestResult>
  </Results>
</TestRun>