<?xml version="1.0" encoding="UTF-8"?>
<TestRun id="d08e0e21-b54f-4534-a3a0-af951a839450" name="lanfengqi@LANFENGQI-PC 2011-10-14 17:05:15" runUser="lanfengqi-PC\lanfengqi" xmlns="http://microsoft.com/schemas/VisualStudio/TeamTest/2010">
  <TestSettings name="Local" id="62a51d66-4f45-4f59-be58-5d0791df9319">
    <Description>These are default test settings for a local test run.</Description>
    <Deployment enabled="false" runDeploymentRoot="lanfengqi_LANFENGQI-PC 2011-10-14 17_05_15">
      <DeploymentItem filename="E:\030.GitHub\020.DCI.2.0\Src\packages\Unity.2.1.505.0\lib\NET35\Microsoft.Practices.Unity.Configuration.dll" />
      <DeploymentItem filename="E:\030.GitHub\020.DCI.2.0\Src\Infrastructure.Crosscutting.MainBoundedContent\bin\Debug\Infrastructure.Crosscutting.MainBoundedContent.dll" />
      <DeploymentItem filename="E:\030.GitHub\020.DCI.2.0\Src\packages\CommonServiceLocator.1.0\lib\NET35\Microsoft.Practices.ServiceLocation.dll" />
      <DeploymentItem filename="E:\030.GitHub\020.DCI.2.0\Src\packages\Unity.2.1.505.0\lib\NET35\Microsoft.Practices.Unity.dll" />
      <DeploymentItem filename="E:\030.GitHub\020.DCI.2.0\Src\Infrastructure.Crosscutting.SeedWork\bin\Debug\Infrastructure.Crosscutting.SeedWork.dll" />
    </Deployment>
    <Execution>
      <TestTypeSpecific />
      <AgentRule name="Execution Agents">
      </AgentRule>
    </Execution>
  </TestSettings>
  <Times creation="2011-10-14T17:05:15.0778057-07:00" queuing="2011-10-14T17:05:29.0316038-07:00" start="2011-10-14T17:05:29.5136314-07:00" finish="2011-10-14T17:05:33.2738465-07:00" />
  <ResultSummary outcome="Completed">
    <Counters total="6" executed="6" passed="6" error="0" failed="0" timeout="0" aborted="0" inconclusive="0" passedButRunAborted="0" notRunnable="0" notExecuted="0" disconnected="0" warning="0" completed="0" inProgress="0" pending="0" />
  </ResultSummary>
  <TestDefinitions>
    <UnitTest name="LogError" storage="e:\030.github\020.dci.2.0\src\infrastructure.crosscutting\bin\debug\infrastructure.crosscutting.dll" id="da18f98d-77a2-a919-cadc-396335941cc3">
      <Execution id="992b5497-d58c-4e2e-b01d-e7ab8e3cd167" />
      <TestMethod codeBase="E:/030.GitHub/020.DCI.2.0/Src/Infrastructure.Crosscutting/bin/Debug/Infrastructure.Crosscutting.DLL" adapterTypeName="Microsoft.VisualStudio.TestTools.TestTypes.Unit.UnitTestAdapter, Microsoft.VisualStudio.QualityTools.Tips.UnitTest.Adapter, Version=10.0.0.0, Culture=neutral, PublicKeyToken=b03f5f7f11d50a3a" className="Infrastructure.Crosscutting.Tests.TraceSourceLogTest, Infrastructure.Crosscutting, Version=1.0.0.0, Culture=neutral, PublicKeyToken=null" name="LogError" />
    </UnitTest>
    <UnitTest name="IsTypeRegistered" storage="e:\030.github\020.dci.2.0\src\infrastructure.crosscutting\bin\debug\infrastructure.crosscutting.dll" id="a33d223d-857c-584e-df3f-41fd606e6202">
      <Execution id="62d45533-3903-4792-b5e5-9909c9a49e64" />
      <TestMethod codeBase="E:/030.GitHub/020.DCI.2.0/Src/Infrastructure.Crosscutting/bin/Debug/Infrastructure.Crosscutting.DLL" adapterTypeName="Microsoft.VisualStudio.TestTools.TestTypes.Unit.UnitTestAdapter, Microsoft.VisualStudio.QualityTools.Tips.UnitTest.Adapter, Version=10.0.0.0, Culture=neutral, PublicKeyToken=b03f5f7f11d50a3a" className="Infrastructure.Crosscutting.Tests.InstanceLocatorTest, Infrastructure.Crosscutting, Version=1.0.0.0, Culture=neutral, PublicKeyToken=null" name="IsTypeRegistered" />
    </UnitTest>
    <UnitTest name="GetInstance" storage="e:\030.github\020.dci.2.0\src\infrastructure.crosscutting\bin\debug\infrastructure.crosscutting.dll" id="58ddf231-d285-e5ee-69d3-be47ad5fd631">
      <Execution id="7553e448-c5df-455e-9025-dc39da419ad2" />
      <TestMethod codeBase="E:/030.GitHub/020.DCI.2.0/Src/Infrastructure.Crosscutting/bin/Debug/Infrastructure.Crosscutting.DLL" adapterTypeName="Microsoft.VisualStudio.TestTools.TestTypes.Unit.UnitTestAdapter, Microsoft.VisualStudio.QualityTools.Tips.UnitTest.Adapter, Version=10.0.0.0, Culture=neutral, PublicKeyToken=b03f5f7f11d50a3a" className="Infrastructure.Crosscutting.Tests.InstanceLocatorTest, Infrastructure.Crosscutting, Version=1.0.0.0, Culture=neutral, PublicKeyToken=null" name="GetInstance" />
    </UnitTest>
    <UnitTest name="LogWarning" storage="e:\030.github\020.dci.2.0\src\infrastructure.crosscutting\bin\debug\infrastructure.crosscutting.dll" id="9cc213e8-69ea-5781-afbe-bb95278cfc9e">
      <Execution id="180a5c40-b207-49b4-b552-7b937419f4d1" />
      <TestMethod codeBase="E:/030.GitHub/020.DCI.2.0/Src/Infrastructure.Crosscutting/bin/Debug/Infrastructure.Crosscutting.DLL" adapterTypeName="Microsoft.VisualStudio.TestTools.TestTypes.Unit.UnitTestAdapter, Microsoft.VisualStudio.QualityTools.Tips.UnitTest.Adapter, Version=10.0.0.0, Culture=neutral, PublicKeyToken=b03f5f7f11d50a3a" className="Infrastructure.Crosscutting.Tests.TraceSourceLogTest, Infrastructure.Crosscutting, Version=1.0.0.0, Culture=neutral, PublicKeyToken=null" name="LogWarning" />
    </UnitTest>
    <UnitTest name="LogErrorWithException" storage="e:\030.github\020.dci.2.0\src\infrastructure.crosscutting\bin\debug\infrastructure.crosscutting.dll" id="d4904fe4-8ee3-1aa9-9c09-4186cfad6ec5">
      <Execution id="5e2a7476-e636-4657-9562-130d96cf4862" />
      <TestMethod codeBase="E:/030.GitHub/020.DCI.2.0/Src/Infrastructure.Crosscutting/bin/Debug/Infrastructure.Crosscutting.DLL" adapterTypeName="Microsoft.VisualStudio.TestTools.TestTypes.Unit.UnitTestAdapter, Microsoft.VisualStudio.QualityTools.Tips.UnitTest.Adapter, Version=10.0.0.0, Culture=neutral, PublicKeyToken=b03f5f7f11d50a3a" className="Infrastructure.Crosscutting.Tests.TraceSourceLogTest, Infrastructure.Crosscutting, Version=1.0.0.0, Culture=neutral, PublicKeyToken=null" name="LogErrorWithException" />
    </UnitTest>
    <UnitTest name="LogInfo" storage="e:\030.github\020.dci.2.0\src\infrastructure.crosscutting\bin\debug\infrastructure.crosscutting.dll" id="70da7c39-cac7-1d42-a400-8bdb1be68564">
      <Execution id="b47abd91-0aa6-4db8-b54a-c0abee0b2507" />
      <TestMethod codeBase="E:/030.GitHub/020.DCI.2.0/Src/Infrastructure.Crosscutting/bin/Debug/Infrastructure.Crosscutting.DLL" adapterTypeName="Microsoft.VisualStudio.TestTools.TestTypes.Unit.UnitTestAdapter, Microsoft.VisualStudio.QualityTools.Tips.UnitTest.Adapter, Version=10.0.0.0, Culture=neutral, PublicKeyToken=b03f5f7f11d50a3a" className="Infrastructure.Crosscutting.Tests.TraceSourceLogTest, Infrastructure.Crosscutting, Version=1.0.0.0, Culture=neutral, PublicKeyToken=null" name="LogInfo" />
    </UnitTest>
  </TestDefinitions>
  <TestLists>
    <TestList name="Results Not in a List" id="8c84fa94-04c1-424b-9868-57a2d4851a1d" />
    <TestList name="All Loaded Results" id="19431567-8539-422a-85d7-44ee4e166bda" />
  </TestLists>
  <TestEntries>
    <TestEntry testId="58ddf231-d285-e5ee-69d3-be47ad5fd631" executionId="7553e448-c5df-455e-9025-dc39da419ad2" testListId="8c84fa94-04c1-424b-9868-57a2d4851a1d" />
    <TestEntry testId="a33d223d-857c-584e-df3f-41fd606e6202" executionId="62d45533-3903-4792-b5e5-9909c9a49e64" testListId="8c84fa94-04c1-424b-9868-57a2d4851a1d" />
    <TestEntry testId="70da7c39-cac7-1d42-a400-8bdb1be68564" executionId="b47abd91-0aa6-4db8-b54a-c0abee0b2507" testListId="8c84fa94-04c1-424b-9868-57a2d4851a1d" />
    <TestEntry testId="9cc213e8-69ea-5781-afbe-bb95278cfc9e" executionId="180a5c40-b207-49b4-b552-7b937419f4d1" testListId="8c84fa94-04c1-424b-9868-57a2d4851a1d" />
    <TestEntry testId="da18f98d-77a2-a919-cadc-396335941cc3" executionId="992b5497-d58c-4e2e-b01d-e7ab8e3cd167" testListId="8c84fa94-04c1-424b-9868-57a2d4851a1d" />
    <TestEntry testId="d4904fe4-8ee3-1aa9-9c09-4186cfad6ec5" executionId="5e2a7476-e636-4657-9562-130d96cf4862" testListId="8c84fa94-04c1-424b-9868-57a2d4851a1d" />
  </TestEntries>
  <Results>
    <UnitTestResult executionId="7553e448-c5df-455e-9025-dc39da419ad2" testId="58ddf231-d285-e5ee-69d3-be47ad5fd631" testName="GetInstance" computerName="LANFENGQI-PC" duration="00:00:00.1250807" startTime="2011-10-14T17:05:29.6776408-07:00" endTime="2011-10-14T17:05:32.1817840-07:00" testType="13cdc9d9-ddb5-4fa4-a97d-d965ccfc6d4b" outcome="Passed" testListId="8c84fa94-04c1-424b-9868-57a2d4851a1d" relativeResultsDirectory="7553e448-c5df-455e-9025-dc39da419ad2">
    </UnitTestResult>
    <UnitTestResult executionId="62d45533-3903-4792-b5e5-9909c9a49e64" testId="a33d223d-857c-584e-df3f-41fd606e6202" testName="IsTypeRegistered" computerName="LANFENGQI-PC" duration="00:00:00.0171033" startTime="2011-10-14T17:05:32.5888073-07:00" endTime="2011-10-14T17:05:32.6628115-07:00" testType="13cdc9d9-ddb5-4fa4-a97d-d965ccfc6d4b" outcome="Passed" testListId="8c84fa94-04c1-424b-9868-57a2d4851a1d" relativeResultsDirectory="62d45533-3903-4792-b5e5-9909c9a49e64">
    </UnitTestResult>
    <UnitTestResult executionId="b47abd91-0aa6-4db8-b54a-c0abee0b2507" testId="70da7c39-cac7-1d42-a400-8bdb1be68564" testName="LogInfo" computerName="LANFENGQI-PC" duration="00:00:00.0109660" startTime="2011-10-14T17:05:32.7298153-07:00" endTime="2011-10-14T17:05:32.7818183-07:00" testType="13cdc9d9-ddb5-4fa4-a97d-d965ccfc6d4b" outcome="Passed" testListId="8c84fa94-04c1-424b-9868-57a2d4851a1d" relativeResultsDirectory="b47abd91-0aa6-4db8-b54a-c0abee0b2507">
    </UnitTestResult>
    <UnitTestResult executionId="180a5c40-b207-49b4-b552-7b937419f4d1" testId="9cc213e8-69ea-5781-afbe-bb95278cfc9e" testName="LogWarning" computerName="LANFENGQI-PC" duration="00:00:00.0009312" startTime="2011-10-14T17:05:32.7968192-07:00" endTime="2011-10-14T17:05:32.8368215-07:00" testType="13cdc9d9-ddb5-4fa4-a97d-d965ccfc6d4b" outcome="Passed" testListId="8c84fa94-04c1-424b-9868-57a2d4851a1d" relativeResultsDirectory="180a5c40-b207-49b4-b552-7b937419f4d1">
    </UnitTestResult>
    <UnitTestResult executionId="992b5497-d58c-4e2e-b01d-e7ab8e3cd167" testId="da18f98d-77a2-a919-cadc-396335941cc3" testName="LogError" computerName="LANFENGQI-PC" duration="00:00:00.0007838" startTime="2011-10-14T17:05:32.8768237-07:00" endTime="2011-10-14T17:05:32.9108257-07:00" testType="13cdc9d9-ddb5-4fa4-a97d-d965ccfc6d4b" outcome="Passed" testListId="8c84fa94-04c1-424b-9868-57a2d4851a1d" relativeResultsDirectory="992b5497-d58c-4e2e-b01d-e7ab8e3cd167">
    </UnitTestResult>
    <UnitTestResult executionId="5e2a7476-e636-4657-9562-130d96cf4862" testId="d4904fe4-8ee3-1aa9-9c09-4186cfad6ec5" testName="LogErrorWithException" computerName="LANFENGQI-PC" duration="00:00:00.0040458" startTime="2011-10-14T17:05:32.9928304-07:00" endTime="2011-10-14T17:05:33.0398331-07:00" testType="13cdc9d9-ddb5-4fa4-a97d-d965ccfc6d4b" outcome="Passed" testListId="8c84fa94-04c1-424b-9868-57a2d4851a1d" relativeResultsDirectory="5e2a7476-e636-4657-9562-130d96cf4862">
    </UnitTestResult>
  </Results>
</TestRun>